../Drivers/CMSIS/Include/core_cm3.h:1762:34:__NVIC_SystemReset	4	static,ignoring_inline_asm
../Core/Src/main.c:120:6:HAL_TIM_PeriodElapsedCallback	16	static
../Core/Src/main.c:128:5:main	24	static
../Core/Src/main.c:176:6:HAL_UART_RxCpltCallback	16	static
../Core/Src/main.c:201:6:ADC_Read_Sensor	8	static
../Core/Src/main.c:218:6:ADC_Channel_Select	32	static
../Core/Src/main.c:232:7:ADC_AVR_Weight	24	static
../Core/Src/main.c:242:6:ADC_Weight	32	static
../Core/Src/main.c:252:7:UART_Get_Fuel	24	static
../Core/Src/main.c:273:6:Fuel_China	24	static
../Core/Src/main.c:283:7:substring	32	static
../Core/Src/main.c:303:6:read_infor_default	24	static
../Core/Src/main.c:331:6:write_infor_default	8	static
../Core/Src/main.c:342:6:is_float_number	24	static
../Core/Src/main.c:355:6:update_infor_default	72	static
../Core/Src/main.c:403:6:check_connect_ble	24	static
../Core/Src/main.c:421:1:__io_putchar	16	static
../Core/Src/main.c:430:6:SystemClock_Config	88	static
../Core/Src/main.c:477:13:MX_ADC1_Init	24	static
../Core/Src/main.c:524:13:MX_IWDG_Init	8	static
../Core/Src/main.c:552:13:MX_TIM2_Init	32	static
../Core/Src/main.c:597:13:MX_USART1_UART_Init	8	static
../Core/Src/main.c:630:13:MX_USART2_UART_Init	8	static
../Core/Src/main.c:663:13:MX_USART3_UART_Init	8	static
../Core/Src/main.c:696:13:MX_GPIO_Init	32	static
../Core/Src/main.c:724:6:Error_Handler	4	static,ignoring_inline_asm
